python : EE..
At line:1 char:1
+ python tests/functional_test.py > test_output.txt 2>&1
+ ~~~~~~~~~~~~~~~~~~~~~~~~~~~~~~~~~~~~~~~~~~~~~~~~~~~~~~
    + CategoryInfo          : NotSpecified: (EE..:String) [], RemoteExcepti 
   on
    + FullyQualifiedErrorId : NativeCommandError
 
======================================================================
ERROR: test_01_navigation_public 
(__main__.MedilabFunctionalTest.test_01_navigation_public)
Test flow: Login -> Register -> Back to Login
----------------------------------------------------------------------
Traceback (most recent call last):
  File "C:\xampp\htdocs\Medilab\tests\functional_test.py", line 40, in 
test_01_navigation_public
    create_account_link.click()
    ~~~~~~~~~~~~~~~~~~~~~~~~~^^
  File "C:\Users\User\AppData\Roaming\Python\Python314\site-packages\seleniu
m\webdriver\remote\webelement.py", line 114, in click
    self._execute(Command.CLICK_ELEMENT)
    ~~~~~~~~~~~~~^^^^^^^^^^^^^^^^^^^^^^^
  File "C:\Users\User\AppData\Roaming\Python\Python314\site-packages\seleniu
m\webdriver\remote\webelement.py", line 508, in _execute
    return self._parent.execute(command, params)
           ~~~~~~~~~~~~~~~~~~~~^^^^^^^^^^^^^^^^^
  File "C:\Users\User\AppData\Roaming\Python\Python314\site-packages\seleniu
m\webdriver\remote\webdriver.py", line 432, in execute
    self.error_handler.check_response(response)
    ~~~~~~~~~~~~~~~~~~~~~~~~~~~~~~~~~^^^^^^^^^^
  File "C:\Users\User\AppData\Roaming\Python\Python314\site-packages\seleniu
m\webdriver\remote\errorhandler.py", line 232, in check_response
    raise exception_class(message, screen, stacktrace)
selenium.common.exceptions.ElementClickInterceptedException: Message: 
element click intercepted: Element <a href="/register" class="text-primary 
fw-bold text-decoration-none">...</a> is not clickable at point (446, 423). 
Other element would receive the click: <div 
id="sfToolbarMainContent-263c09" class="sf-toolbarreset notranslate 
clear-fix" data-no-turbolink="" data-turbo="false" style="display: 
block;">...</div>
  (Session info: chrome=144.0.7559.110); For documentation on this error, 
please visit: https://www.selenium.dev/documentation/webdriver/troubleshooti
ng/errors#elementclickinterceptedexception
Stacktrace:
Symbols not available. Dumping unresolved backtrace:
	0x7ff67d81f3d5
	0x7ff67d81f430
	0x7ff67d5c10bd
	0x7ff67d624885
	0x7ff67d621f9a
	0x7ff67d61ee25
	0x7ff67d61dcc7
	0x7ff67d60eee6
	0x7ff67d64589a
	0x7ff67d60e766
	0x7ff67d669d08
	0x7ff67d60cb0c
	0x7ff67d60da53
	0x7ff67dafb470
	0x7ff67daf586d
	0x7ff67db1621a
	0x7ff67d83b235
	0x7ff67d843a5c
	0x7ff67d828844
	0x7ff67d8289f6
	0x7ff67d80eb87
	0x7ffff42ee8d7
	0x7ffff554c53c


======================================================================
ERROR: test_02_patient_dashboard 
(__main__.MedilabFunctionalTest.test_02_patient_dashboard)
Test Patient Dashboard Buttons
----------------------------------------------------------------------
Traceback (most recent call last):
  File "C:\xampp\htdocs\Medilab\tests\functional_test.py", line 83, in 
test_02_patient_dashboard
    logout_btn.click()
    ~~~~~~~~~~~~~~~~^^
  File "C:\Users\User\AppData\Roaming\Python\Python314\site-packages\seleniu
m\webdriver\remote\webelement.py", line 114, in click
    self._execute(Command.CLICK_ELEMENT)
    ~~~~~~~~~~~~~^^^^^^^^^^^^^^^^^^^^^^^
  File "C:\Users\User\AppData\Roaming\Python\Python314\site-packages\seleniu
m\webdriver\remote\webelement.py", line 508, in _execute
    return self._parent.execute(command, params)
           ~~~~~~~~~~~~~~~~~~~~^^^^^^^^^^^^^^^^^
  File "C:\Users\User\AppData\Roaming\Python\Python314\site-packages\seleniu
m\webdriver\remote\webdriver.py", line 432, in execute
    self.error_handler.check_response(response)
    ~~~~~~~~~~~~~~~~~~~~~~~~~~~~~~~~~^^^^^^^^^^
  File "C:\Users\User\AppData\Roaming\Python\Python314\site-packages\seleniu
m\webdriver\remote\errorhandler.py", line 232, in check_response
    raise exception_class(message, screen, stacktrace)
selenium.common.exceptions.ElementClickInterceptedException: Message: 
element click intercepted: Element is not clickable at point (373, 512)
  (Session info: chrome=144.0.7559.110); For documentation on this error, 
please visit: https://www.selenium.dev/documentation/webdriver/troubleshooti
ng/errors#elementclickinterceptedexception
Stacktrace:
Symbols not available. Dumping unresolved backtrace:
	0x7ff67d81f3d5
	0x7ff67d81f430
	0x7ff67d5c10bd
	0x7ff67d624885
	0x7ff67d621f9a
	0x7ff67d61ee25
	0x7ff67d61dcc7
	0x7ff67d60eee6
	0x7ff67d64589a
	0x7ff67d60e766
	0x7ff67d669d08
	0x7ff67d60cb0c
	0x7ff67d60da53
	0x7ff67dafb470
	0x7ff67daf586d
	0x7ff67db1621a
	0x7ff67d83b235
	0x7ff67d843a5c
	0x7ff67d828844
	0x7ff67d8289f6
	0x7ff67d80eb87
	0x7ffff42ee8d7
	0x7ffff554c53c


----------------------------------------------------------------------
Ran 4 tests in 25.441s

FAILED (errors=2)
Starting Module A Functional Tests...
Ensure Symfony server is running at http://127.0.0.1:8001

Testing Public Navigation Flow...
  [x] Login Page Loaded

Testing Patient Dashboard...
  [x] Sidebar links visible
  [x] 'View Details' button functional

Testing Doctor Dashboard...
  [x] Appointments table loaded
  [x] Action buttons visible

Testing Admin Dashboard...
  [x] Stat cards loaded
  [x] Admin Dashboard Content loaded
